INFO: Successfully connected to Supabase PostgreSQL.

--- TESTING STATS ENDPOINT LOGIC ---
Class 25CSEC ID: 3
Sanjay User ID: 13

[TEST 1] Regular Faculty Access (Sanjay -> 25CSEC)
DEBUG: get_class_stats class_id=3 user_id=13
DEBUG: Faculty=Mr. Sanjay Krishna, IsAdvisor=True
DEBUG: Found 13 unique subjects for stats.
Result Subjects: 13
 - Data Structures and Algorithms I
 - Design Thinking Engineering Laboratory
 - Web Programming Concepts
 - Advanced JAVA Programming
 - Advanced JAVA Programming Lab
 - Web Programming laboratory
 - Engineering Exploration II(EEPL)
 - Discrete Mathematics And Graph Theory
 - Data Structures and Algorithms lab
 - Psychology
 - English for Career Growth
 - Personality Development
 - Tamils and Technology

[TEST 2] Advisor Access
